2023-09-16 10:38:49.878 [main] INFO  c.quanxiaoha.weblog.web.WeblogWebApplicationTests - Starting WeblogWebApplicationTests using Java 1.8.0_351 on LAPTOP-PNSKHFGS with PID 22124 (started by newone in D:\IntelliJ IDEA 2023.2.1\Projects\weblog\weblog-springboot\weblog-web)
2023-09-16 10:38:49.879 [main] INFO  c.quanxiaoha.weblog.web.WeblogWebApplicationTests - The following profiles are active: prod
2023-09-16 10:38:50.831 [main] INFO  c.quanxiaoha.weblog.web.WeblogWebApplicationTests - Started WeblogWebApplicationTests in 1.273 seconds (JVM running for 1.844)
2023-09-16 10:38:50.971 [main] INFO  c.quanxiaoha.weblog.web.WeblogWebApplicationTests - 这是一行 Info 级别日志
2023-09-16 10:38:50.971 [main] WARN  c.quanxiaoha.weblog.web.WeblogWebApplicationTests - 这是一行 Warn 级别日志
2023-09-16 10:38:50.972 [main] ERROR c.quanxiaoha.weblog.web.WeblogWebApplicationTests - 这是一行 Error 级别日志
2023-09-16 10:38:50.972 [main] INFO  c.quanxiaoha.weblog.web.WeblogWebApplicationTests - 这是一行带有占位符日志，作者：犬小哈
[TraceId: ] 2023-09-16 13:35:34.314 [main] INFO  com.quanxiaoha.weblog.web.WeblogWebApplication - Starting WeblogWebApplication using Java 1.8.0_351 on LAPTOP-PNSKHFGS with PID 632 (D:\IntelliJ IDEA 2023.2.1\Projects\weblog\weblog-springboot\weblog-web\target\classes started by newone in D:\IntelliJ IDEA 2023.2.1\Projects\weblog\weblog-springboot)
[TraceId: ] 2023-09-16 13:35:34.316 [main] INFO  com.quanxiaoha.weblog.web.WeblogWebApplication - The following profiles are active: prod
[TraceId: ] 2023-09-16 13:35:34.889 [main] INFO  o.s.boot.web.embedded.tomcat.TomcatWebServer - Tomcat initialized with port(s): 8080 (http)
[TraceId: ] 2023-09-16 13:35:34.890 [main] INFO  org.apache.catalina.core.AprLifecycleListener - Loaded Apache Tomcat Native library [1.2.34] using APR version [1.7.0].
[TraceId: ] 2023-09-16 13:35:34.890 [main] INFO  org.apache.catalina.core.AprLifecycleListener - APR capabilities: IPv6 [true], sendfile [true], accept filters [false], random [true], UDS [true].
[TraceId: ] 2023-09-16 13:35:34.890 [main] INFO  org.apache.catalina.core.AprLifecycleListener - APR/OpenSSL configuration: useAprConnector [false], useOpenSSL [true]
[TraceId: ] 2023-09-16 13:35:34.893 [main] INFO  org.apache.catalina.core.AprLifecycleListener - OpenSSL successfully initialized [OpenSSL 1.1.1o  3 May 2022]
[TraceId: ] 2023-09-16 13:35:34.898 [main] INFO  org.apache.catalina.core.StandardService - Starting service [Tomcat]
[TraceId: ] 2023-09-16 13:35:34.898 [main] INFO  org.apache.catalina.core.StandardEngine - Starting Servlet engine: [Apache Tomcat/9.0.56]
[TraceId: ] 2023-09-16 13:35:34.940 [main] INFO  o.a.c.core.ContainerBase.[Tomcat].[localhost].[/] - Initializing Spring embedded WebApplicationContext
[TraceId: ] 2023-09-16 13:35:34.940 [main] INFO  o.s.b.w.s.c.ServletWebServerApplicationContext - Root WebApplicationContext: initialization completed in 596 ms
[TraceId: ] 2023-09-16 13:35:35.137 [main] INFO  o.s.boot.web.embedded.tomcat.TomcatWebServer - Tomcat started on port(s): 8080 (http) with context path ''
[TraceId: ] 2023-09-16 13:35:35.143 [main] INFO  com.quanxiaoha.weblog.web.WeblogWebApplication - Started WeblogWebApplication in 1.166 seconds (JVM running for 1.938)
[TraceId: ] 2023-09-16 13:35:42.659 [http-nio-8080-exec-2] INFO  o.a.c.core.ContainerBase.[Tomcat].[localhost].[/] - Initializing Spring DispatcherServlet 'dispatcherServlet'
[TraceId: ] 2023-09-16 13:35:42.660 [http-nio-8080-exec-2] INFO  org.springframework.web.servlet.DispatcherServlet - Initializing Servlet 'dispatcherServlet'
[TraceId: ] 2023-09-16 13:35:42.660 [http-nio-8080-exec-2] INFO  org.springframework.web.servlet.DispatcherServlet - Completed initialization in 0 ms
[TraceId: 95c69151-609c-425c-9030-0b4b40bc8f7c] 2023-09-16 13:35:42.747 [http-nio-8080-exec-2] INFO  c.q.weblog.common.aspect.ApiOperationLogAspect - ====== 请求开始: [测试接口], 入参: {"username":"admin","sex":1}, 请求类: TestController, 请求方法: test =================================== 
[TraceId: 95c69151-609c-425c-9030-0b4b40bc8f7c] 2023-09-16 13:35:42.754 [http-nio-8080-exec-2] INFO  c.q.weblog.common.aspect.ApiOperationLogAspect - ====== 请求结束: [测试接口], 耗时: 14ms, 出参: {"username":"admin","sex":1} =================================== 